Archive member included because of file (symbol)

c:/winavr-20081205/bin/../lib/gcc/avr/4.3.2/avr4\libgcc.a(_exit.o)
                              c:/winavr-20081205/bin/../lib/gcc/avr/4.3.2/../../../../avr/lib/avr4/crtm8.o (exit)
c:/winavr-20081205/bin/../lib/gcc/avr/4.3.2/avr4\libgcc.a(_copy_data.o)
                              START_ON_CLAP_for_ATmega8_iBOT_mini_V3.o (__do_copy_data)
c:/winavr-20081205/bin/../lib/gcc/avr/4.3.2/avr4\libgcc.a(_clear_bss.o)
                              START_ON_CLAP_for_ATmega8_iBOT_mini_V3.o (__do_clear_bss)
c:/winavr-20081205/bin/../lib/gcc/avr/4.3.2/avr4\libgcc.a(_mul_sf.o)
                              START_ON_CLAP_for_ATmega8_iBOT_mini_V3.o (__mulsf3)
c:/winavr-20081205/bin/../lib/gcc/avr/4.3.2/avr4\libgcc.a(_lt_sf.o)
                              START_ON_CLAP_for_ATmega8_iBOT_mini_V3.o (__ltsf2)
c:/winavr-20081205/bin/../lib/gcc/avr/4.3.2/avr4\libgcc.a(_si_to_sf.o)
                              START_ON_CLAP_for_ATmega8_iBOT_mini_V3.o (__floatsisf)
c:/winavr-20081205/bin/../lib/gcc/avr/4.3.2/avr4\libgcc.a(_thenan_sf.o)
                              c:/winavr-20081205/bin/../lib/gcc/avr/4.3.2/avr4\libgcc.a(_mul_sf.o) (__thenan_sf)
c:/winavr-20081205/bin/../lib/gcc/avr/4.3.2/avr4\libgcc.a(_prologue.o)
                              c:/winavr-20081205/bin/../lib/gcc/avr/4.3.2/avr4\libgcc.a(_mul_sf.o) (__prologue_saves__)
c:/winavr-20081205/bin/../lib/gcc/avr/4.3.2/avr4\libgcc.a(_epilogue.o)
                              c:/winavr-20081205/bin/../lib/gcc/avr/4.3.2/avr4\libgcc.a(_mul_sf.o) (__epilogue_restores__)
c:/winavr-20081205/bin/../lib/gcc/avr/4.3.2/avr4\libgcc.a(_clzsi2.o)
                              c:/winavr-20081205/bin/../lib/gcc/avr/4.3.2/avr4\libgcc.a(_si_to_sf.o) (__clzsi2)
c:/winavr-20081205/bin/../lib/gcc/avr/4.3.2/avr4\libgcc.a(_pack_sf.o)
                              c:/winavr-20081205/bin/../lib/gcc/avr/4.3.2/avr4\libgcc.a(_mul_sf.o) (__pack_f)
c:/winavr-20081205/bin/../lib/gcc/avr/4.3.2/avr4\libgcc.a(_unpack_sf.o)
                              c:/winavr-20081205/bin/../lib/gcc/avr/4.3.2/avr4\libgcc.a(_mul_sf.o) (__unpack_f)
c:/winavr-20081205/bin/../lib/gcc/avr/4.3.2/avr4\libgcc.a(_fpcmp_parts_sf.o)
                              c:/winavr-20081205/bin/../lib/gcc/avr/4.3.2/avr4\libgcc.a(_lt_sf.o) (__fpcmp_parts_f)
c:/winavr-20081205/bin/../lib/gcc/avr/4.3.2/avr4\libgcc.a(_clz.o)
                              c:/winavr-20081205/bin/../lib/gcc/avr/4.3.2/avr4\libgcc.a(_clzsi2.o) (__clz_tab)

Memory Configuration

Name             Origin             Length             Attributes
text             0x00000000         0x00002000         xr
data             0x00800060         0x0000ffa0         rw !x
eeprom           0x00810000         0x00010000         rw !x
fuse             0x00820000         0x00000400         rw !x
lock             0x00830000         0x00000400         rw !x
signature        0x00840000         0x00000400         rw !x
*default*        0x00000000         0xffffffff

Linker script and memory map

LOAD c:/winavr-20081205/bin/../lib/gcc/avr/4.3.2/../../../../avr/lib/avr4/crtm8.o
LOAD START_ON_CLAP_for_ATmega8_iBOT_mini_V3.o
LOAD c:/winavr-20081205/bin/../lib/gcc/avr/4.3.2/avr4\libgcc.a
LOAD c:/winavr-20081205/bin/../lib/gcc/avr/4.3.2/../../../../avr/lib/avr4\libc.a
LOAD c:/winavr-20081205/bin/../lib/gcc/avr/4.3.2/avr4\libgcc.a

.hash
 *(.hash)

.dynsym
 *(.dynsym)

.dynstr
 *(.dynstr)

.gnu.version
 *(.gnu.version)

.gnu.version_d
 *(.gnu.version_d)

.gnu.version_r
 *(.gnu.version_r)

.rel.init
 *(.rel.init)

.rela.init
 *(.rela.init)

.rel.text
 *(.rel.text)
 *(.rel.text.*)
 *(.rel.gnu.linkonce.t*)

.rela.text
 *(.rela.text)
 *(.rela.text.*)
 *(.rela.gnu.linkonce.t*)

.rel.fini
 *(.rel.fini)

.rela.fini
 *(.rela.fini)

.rel.rodata
 *(.rel.rodata)
 *(.rel.rodata.*)
 *(.rel.gnu.linkonce.r*)

.rela.rodata
 *(.rela.rodata)
 *(.rela.rodata.*)
 *(.rela.gnu.linkonce.r*)

.rel.data
 *(.rel.data)
 *(.rel.data.*)
 *(.rel.gnu.linkonce.d*)

.rela.data
 *(.rela.data)
 *(.rela.data.*)
 *(.rela.gnu.linkonce.d*)

.rel.ctors
 *(.rel.ctors)

.rela.ctors
 *(.rela.ctors)

.rel.dtors
 *(.rel.dtors)

.rela.dtors
 *(.rela.dtors)

.rel.got
 *(.rel.got)

.rela.got
 *(.rela.got)

.rel.bss
 *(.rel.bss)

.rela.bss
 *(.rela.bss)

.rel.plt
 *(.rel.plt)

.rela.plt
 *(.rela.plt)

.text           0x00000000      0x82e
 *(.vectors)
 .vectors       0x00000000       0x26 c:/winavr-20081205/bin/../lib/gcc/avr/4.3.2/../../../../avr/lib/avr4/crtm8.o
                0x00000000                __vectors
                0x00000000                __vector_default
 *(.vectors)
 *(.progmem.gcc*)
 *(.progmem*)
                0x00000026                . = ALIGN (0x2)
                0x00000026                __trampolines_start = .
 *(.trampolines)
 .trampolines   0x00000026        0x0 linker stubs
 *(.trampolines*)
                0x00000026                __trampolines_end = .
 *(.jumptables)
 *(.jumptables*)
 *(.lowtext)
 *(.lowtext*)
                0x00000026                __ctors_start = .
 *(.ctors)
                0x00000026                __ctors_end = .
                0x00000026                __dtors_start = .
 *(.dtors)
                0x00000026                __dtors_end = .
 SORT(*)(.ctors)
 SORT(*)(.dtors)
 *(.init0)
 .init0         0x00000026        0x0 c:/winavr-20081205/bin/../lib/gcc/avr/4.3.2/../../../../avr/lib/avr4/crtm8.o
                0x00000026                __init
 *(.init0)
 *(.init1)
 *(.init1)
 *(.init2)
 .init2         0x00000026        0xc c:/winavr-20081205/bin/../lib/gcc/avr/4.3.2/../../../../avr/lib/avr4/crtm8.o
 *(.init2)
 *(.init3)
 *(.init3)
 *(.init4)
 .init4         0x00000032       0x16 c:/winavr-20081205/bin/../lib/gcc/avr/4.3.2/avr4\libgcc.a(_copy_data.o)
                0x00000032                __do_copy_data
 .init4         0x00000048       0x10 c:/winavr-20081205/bin/../lib/gcc/avr/4.3.2/avr4\libgcc.a(_clear_bss.o)
                0x00000048                __do_clear_bss
 *(.init4)
 *(.init5)
 *(.init5)
 *(.init6)
 *(.init6)
 *(.init7)
 *(.init7)
 *(.init8)
 *(.init8)
 *(.init9)
 .init9         0x00000058        0x4 c:/winavr-20081205/bin/../lib/gcc/avr/4.3.2/../../../../avr/lib/avr4/crtm8.o
 *(.init9)
 *(.text)
 .text          0x0000005c        0x2 c:/winavr-20081205/bin/../lib/gcc/avr/4.3.2/../../../../avr/lib/avr4/crtm8.o
                0x0000005c                __vector_1
                0x0000005c                __vector_12
                0x0000005c                __bad_interrupt
                0x0000005c                __vector_6
                0x0000005c                __vector_3
                0x0000005c                __vector_11
                0x0000005c                __vector_13
                0x0000005c                __vector_17
                0x0000005c                __vector_7
                0x0000005c                __vector_5
                0x0000005c                __vector_4
                0x0000005c                __vector_9
                0x0000005c                __vector_2
                0x0000005c                __vector_15
                0x0000005c                __vector_8
                0x0000005c                __vector_14
                0x0000005c                __vector_10
                0x0000005c                __vector_16
                0x0000005c                __vector_18
 .text          0x0000005e       0x80 START_ON_CLAP_for_ATmega8_iBOT_mini_V3.o
                0x0000005e                wait
                0x000000b6                main
 .text          0x000000de        0x0 c:/winavr-20081205/bin/../lib/gcc/avr/4.3.2/avr4\libgcc.a(_exit.o)
 .text          0x000000de        0x0 c:/winavr-20081205/bin/../lib/gcc/avr/4.3.2/avr4\libgcc.a(_copy_data.o)
 .text          0x000000de        0x0 c:/winavr-20081205/bin/../lib/gcc/avr/4.3.2/avr4\libgcc.a(_clear_bss.o)
 .text          0x000000de      0x1ea c:/winavr-20081205/bin/../lib/gcc/avr/4.3.2/avr4\libgcc.a(_mul_sf.o)
                0x000000de                __mulsf3
 .text          0x000002c8       0x56 c:/winavr-20081205/bin/../lib/gcc/avr/4.3.2/avr4\libgcc.a(_lt_sf.o)
                0x000002c8                __ltsf2
 .text          0x0000031e       0xb4 c:/winavr-20081205/bin/../lib/gcc/avr/4.3.2/avr4\libgcc.a(_si_to_sf.o)
                0x0000031e                __floatsisf
 .text          0x000003d2        0x0 c:/winavr-20081205/bin/../lib/gcc/avr/4.3.2/avr4\libgcc.a(_thenan_sf.o)
 .text          0x000003d2        0x0 c:/winavr-20081205/bin/../lib/gcc/avr/4.3.2/avr4\libgcc.a(_prologue.o)
 .text          0x000003d2        0x0 c:/winavr-20081205/bin/../lib/gcc/avr/4.3.2/avr4\libgcc.a(_epilogue.o)
 .text          0x000003d2       0x9e c:/winavr-20081205/bin/../lib/gcc/avr/4.3.2/avr4\libgcc.a(_clzsi2.o)
                0x000003d2                __clzsi2
 .text          0x00000470      0x1aa c:/winavr-20081205/bin/../lib/gcc/avr/4.3.2/avr4\libgcc.a(_pack_sf.o)
                0x00000470                __pack_f
 .text          0x0000061a       0xf0 c:/winavr-20081205/bin/../lib/gcc/avr/4.3.2/avr4\libgcc.a(_unpack_sf.o)
                0x0000061a                __unpack_f
 .text          0x0000070a       0xb2 c:/winavr-20081205/bin/../lib/gcc/avr/4.3.2/avr4\libgcc.a(_fpcmp_parts_sf.o)
                0x0000070a                __fpcmp_parts_f
 .text          0x000007bc        0x0 c:/winavr-20081205/bin/../lib/gcc/avr/4.3.2/avr4\libgcc.a(_clz.o)
                0x000007bc                . = ALIGN (0x2)
 *(.text.*)
 .text.libgcc   0x000007bc        0x0 c:/winavr-20081205/bin/../lib/gcc/avr/4.3.2/avr4\libgcc.a(_exit.o)
 .text.libgcc   0x000007bc        0x0 c:/winavr-20081205/bin/../lib/gcc/avr/4.3.2/avr4\libgcc.a(_copy_data.o)
 .text.libgcc   0x000007bc        0x0 c:/winavr-20081205/bin/../lib/gcc/avr/4.3.2/avr4\libgcc.a(_clear_bss.o)
 .text.libgcc   0x000007bc       0x38 c:/winavr-20081205/bin/../lib/gcc/avr/4.3.2/avr4\libgcc.a(_prologue.o)
                0x000007bc                __prologue_saves__
 .text.libgcc   0x000007f4       0x36 c:/winavr-20081205/bin/../lib/gcc/avr/4.3.2/avr4\libgcc.a(_epilogue.o)
                0x000007f4                __epilogue_restores__
                0x0000082a                . = ALIGN (0x2)
 *(.fini9)
 .fini9         0x0000082a        0x0 c:/winavr-20081205/bin/../lib/gcc/avr/4.3.2/avr4\libgcc.a(_exit.o)
                0x0000082a                exit
                0x0000082a                _exit
 *(.fini9)
 *(.fini8)
 *(.fini8)
 *(.fini7)
 *(.fini7)
 *(.fini6)
 *(.fini6)
 *(.fini5)
 *(.fini5)
 *(.fini4)
 *(.fini4)
 *(.fini3)
 *(.fini3)
 *(.fini2)
 *(.fini2)
 *(.fini1)
 *(.fini1)
 *(.fini0)
 .fini0         0x0000082a        0x4 c:/winavr-20081205/bin/../lib/gcc/avr/4.3.2/avr4\libgcc.a(_exit.o)
 *(.fini0)
                0x0000082e                _etext = .

.data           0x00800060      0x108 load address 0x0000082e
                0x00800060                PROVIDE (__data_start, .)
 *(.data)
 .data          0x00800060        0x0 c:/winavr-20081205/bin/../lib/gcc/avr/4.3.2/../../../../avr/lib/avr4/crtm8.o
 .data          0x00800060        0x0 START_ON_CLAP_for_ATmega8_iBOT_mini_V3.o
 .data          0x00800060        0x0 c:/winavr-20081205/bin/../lib/gcc/avr/4.3.2/avr4\libgcc.a(_exit.o)
 .data          0x00800060        0x0 c:/winavr-20081205/bin/../lib/gcc/avr/4.3.2/avr4\libgcc.a(_copy_data.o)
 .data          0x00800060        0x0 c:/winavr-20081205/bin/../lib/gcc/avr/4.3.2/avr4\libgcc.a(_clear_bss.o)
 .data          0x00800060        0x0 c:/winavr-20081205/bin/../lib/gcc/avr/4.3.2/avr4\libgcc.a(_mul_sf.o)
 .data          0x00800060        0x0 c:/winavr-20081205/bin/../lib/gcc/avr/4.3.2/avr4\libgcc.a(_lt_sf.o)
 .data          0x00800060        0x0 c:/winavr-20081205/bin/../lib/gcc/avr/4.3.2/avr4\libgcc.a(_si_to_sf.o)
 .data          0x00800060        0x8 c:/winavr-20081205/bin/../lib/gcc/avr/4.3.2/avr4\libgcc.a(_thenan_sf.o)
                0x00800060                __thenan_sf
 .data          0x00800068        0x0 c:/winavr-20081205/bin/../lib/gcc/avr/4.3.2/avr4\libgcc.a(_prologue.o)
 .data          0x00800068        0x0 c:/winavr-20081205/bin/../lib/gcc/avr/4.3.2/avr4\libgcc.a(_epilogue.o)
 .data          0x00800068        0x0 c:/winavr-20081205/bin/../lib/gcc/avr/4.3.2/avr4\libgcc.a(_clzsi2.o)
 .data          0x00800068        0x0 c:/winavr-20081205/bin/../lib/gcc/avr/4.3.2/avr4\libgcc.a(_pack_sf.o)
 .data          0x00800068        0x0 c:/winavr-20081205/bin/../lib/gcc/avr/4.3.2/avr4\libgcc.a(_unpack_sf.o)
 .data          0x00800068        0x0 c:/winavr-20081205/bin/../lib/gcc/avr/4.3.2/avr4\libgcc.a(_fpcmp_parts_sf.o)
 .data          0x00800068      0x100 c:/winavr-20081205/bin/../lib/gcc/avr/4.3.2/avr4\libgcc.a(_clz.o)
                0x00800068                __clz_tab
 *(.data*)
 *(.rodata)
 *(.rodata*)
 *(.gnu.linkonce.d*)
                0x00800168                . = ALIGN (0x2)
                0x00800168                _edata = .
                0x00800168                PROVIDE (__data_end, .)

.bss            0x00800168        0x0
                0x00800168                PROVIDE (__bss_start, .)
 *(.bss)
 .bss           0x00800168        0x0 c:/winavr-20081205/bin/../lib/gcc/avr/4.3.2/../../../../avr/lib/avr4/crtm8.o
 .bss           0x00800168        0x0 START_ON_CLAP_for_ATmega8_iBOT_mini_V3.o
 .bss           0x00800168        0x0 c:/winavr-20081205/bin/../lib/gcc/avr/4.3.2/avr4\libgcc.a(_exit.o)
 .bss           0x00800168        0x0 c:/winavr-20081205/bin/../lib/gcc/avr/4.3.2/avr4\libgcc.a(_copy_data.o)
 .bss           0x00800168        0x0 c:/winavr-20081205/bin/../lib/gcc/avr/4.3.2/avr4\libgcc.a(_clear_bss.o)
 .bss           0x00800168        0x0 c:/winavr-20081205/bin/../lib/gcc/avr/4.3.2/avr4\libgcc.a(_mul_sf.o)
 .bss           0x00800168        0x0 c:/winavr-20081205/bin/../lib/gcc/avr/4.3.2/avr4\libgcc.a(_lt_sf.o)
 .bss           0x00800168        0x0 c:/winavr-20081205/bin/../lib/gcc/avr/4.3.2/avr4\libgcc.a(_si_to_sf.o)
 .bss           0x00800168        0x0 c:/winavr-20081205/bin/../lib/gcc/avr/4.3.2/avr4\libgcc.a(_thenan_sf.o)
 .bss           0x00800168        0x0 c:/winavr-20081205/bin/../lib/gcc/avr/4.3.2/avr4\libgcc.a(_prologue.o)
 .bss           0x00800168        0x0 c:/winavr-20081205/bin/../lib/gcc/avr/4.3.2/avr4\libgcc.a(_epilogue.o)
 .bss           0x00800168        0x0 c:/winavr-20081205/bin/../lib/gcc/avr/4.3.2/avr4\libgcc.a(_clzsi2.o)
 .bss           0x00800168        0x0 c:/winavr-20081205/bin/../lib/gcc/avr/4.3.2/avr4\libgcc.a(_pack_sf.o)
 .bss           0x00800168        0x0 c:/winavr-20081205/bin/../lib/gcc/avr/4.3.2/avr4\libgcc.a(_unpack_sf.o)
 .bss           0x00800168        0x0 c:/winavr-20081205/bin/../lib/gcc/avr/4.3.2/avr4\libgcc.a(_fpcmp_parts_sf.o)
 .bss           0x00800168        0x0 c:/winavr-20081205/bin/../lib/gcc/avr/4.3.2/avr4\libgcc.a(_clz.o)
 *(.bss*)
 *(COMMON)
                0x00800168                PROVIDE (__bss_end, .)
                0x0000082e                __data_load_start = LOADADDR (.data)
                0x00000936                __data_load_end = (__data_load_start + SIZEOF (.data))

.noinit         0x00800168        0x0
                0x00800168                PROVIDE (__noinit_start, .)
 *(.noinit*)
                0x00800168                PROVIDE (__noinit_end, .)
                0x00800168                _end = .
                0x00800168                PROVIDE (__heap_start, .)

.eeprom         0x00810000        0x0
 *(.eeprom*)
                0x00810000                __eeprom_end = .

.fuse
 *(.fuse)
 *(.lfuse)
 *(.hfuse)
 *(.efuse)

.lock
 *(.lock*)

.signature
 *(.signature*)

.stab
 *(.stab)

.stabstr
 *(.stabstr)

.stab.excl
 *(.stab.excl)

.stab.exclstr
 *(.stab.exclstr)

.stab.index
 *(.stab.index)

.stab.indexstr
 *(.stab.indexstr)

.comment
 *(.comment)

.debug
 *(.debug)

.line
 *(.line)

.debug_srcinfo
 *(.debug_srcinfo)

.debug_sfnames
 *(.debug_sfnames)

.debug_aranges  0x00000000       0x20
 *(.debug_aranges)
 .debug_aranges
                0x00000000       0x20 START_ON_CLAP_for_ATmega8_iBOT_mini_V3.o

.debug_pubnames
                0x00000000       0x24
 *(.debug_pubnames)
 .debug_pubnames
                0x00000000       0x24 START_ON_CLAP_for_ATmega8_iBOT_mini_V3.o

.debug_info     0x00000000      0x160
 *(.debug_info)
 .debug_info    0x00000000      0x160 START_ON_CLAP_for_ATmega8_iBOT_mini_V3.o
 *(.gnu.linkonce.wi.*)

.debug_abbrev   0x00000000       0xec
 *(.debug_abbrev)
 .debug_abbrev  0x00000000       0xec START_ON_CLAP_for_ATmega8_iBOT_mini_V3.o

.debug_line     0x00000000      0x17c
 *(.debug_line)
 .debug_line    0x00000000      0x17c START_ON_CLAP_for_ATmega8_iBOT_mini_V3.o

.debug_frame    0x00000000       0x30
 *(.debug_frame)
 .debug_frame   0x00000000       0x30 START_ON_CLAP_for_ATmega8_iBOT_mini_V3.o

.debug_str      0x00000000       0xf7
 *(.debug_str)
 .debug_str     0x00000000       0xf7 START_ON_CLAP_for_ATmega8_iBOT_mini_V3.o
                                0x12b (size before relaxing)

.debug_loc      0x00000000       0x86
 *(.debug_loc)
 .debug_loc     0x00000000       0x86 START_ON_CLAP_for_ATmega8_iBOT_mini_V3.o

.debug_macinfo
 *(.debug_macinfo)
OUTPUT(START_ON_CLAP_for_ATmega8_iBOT_mini_V3.elf elf32-avr)
LOAD linker stubs
